// Jest Snapshot v1, https://goo.gl/fbAQLP

exports[`Component footer should render correctly 1`] = `
<footer>
  <div
    className="createdBy"
  >
    <p>
      Â© 2018 created by theodoreme@gmail.com
    </p>
  </div>
</footer>
`;
